// Jest Snapshot v1, https://goo.gl/fbAQLP

exports[`Prueba con app test Debe de mostrar el com App correctamente 1`] = `
<div
  className="App"
>
  <header
    className="App-header"
  >
    <h1>
      Hola
    </h1>
    <p>
      segunda prop
    </p>
  </header>
</div>
`;
